PHP Deprecated:  Case statements followed by a semicolon (;) are deprecated, use a colon (:) instead in /Users/zacharyvolpi/dev/perso/rabbit-rs/benchmarks/vendor/react/promise/src/functions.php on line 369
PHP Stack trace:
PHP   1. {main}() /Users/zacharyvolpi/dev/perso/rabbit-rs/benchmarks/src/run-benchmarks.php:0
PHP   2. require_once() /Users/zacharyvolpi/dev/perso/rabbit-rs/benchmarks/src/run-benchmarks.php:8
PHP   3. ComposerAutoloaderInit2a84038d16076b8c7ec203cc876565ac::getLoader() /Users/zacharyvolpi/dev/perso/rabbit-rs/benchmarks/vendor/autoload.php:22
PHP   4. {closure:/Users/zacharyvolpi/dev/perso/rabbit-rs/benchmarks/vendor/composer/autoload_real.php:37-43}($fileIdentifier = 'ad155f8f1cf0d418fe49e248db8c661b', $file = '/Users/zacharyvolpi/dev/perso/rabbit-rs/benchmarks/vendor/composer/../react/promise/src/functions_include.php') /Users/zacharyvolpi/dev/perso/rabbit-rs/benchmarks/vendor/composer/autoload_real.php:45
PHP   5. require() /Users/zacharyvolpi/dev/perso/rabbit-rs/benchmarks/vendor/composer/autoload_real.php:41

Deprecated: Case statements followed by a semicolon (;) are deprecated, use a colon (:) instead in /Users/zacharyvolpi/dev/perso/rabbit-rs/benchmarks/vendor/react/promise/src/functions.php on line 369

Call Stack:
    0.0002     519760   1. {main}() /Users/zacharyvolpi/dev/perso/rabbit-rs/benchmarks/src/run-benchmarks.php:0
    0.0008     523176   2. require_once('/Users/zacharyvolpi/dev/perso/rabbit-rs/benchmarks/vendor/autoload.php') /Users/zacharyvolpi/dev/perso/rabbit-rs/benchmarks/src/run-benchmarks.php:8
    0.0010     530280   3. ComposerAutoloaderInit2a84038d16076b8c7ec203cc876565ac::getLoader() /Users/zacharyvolpi/dev/perso/rabbit-rs/benchmarks/vendor/autoload.php:22
    0.0128     883976   4. {closure:/Users/zacharyvolpi/dev/perso/rabbit-rs/benchmarks/vendor/composer/autoload_real.php:37-43}($fileIdentifier = 'ad155f8f1cf0d418fe49e248db8c661b', $file = '/Users/zacharyvolpi/dev/perso/rabbit-rs/benchmarks/vendor/composer/../react/promise/src/functions_include.php') /Users/zacharyvolpi/dev/perso/rabbit-rs/benchmarks/vendor/composer/autoload_real.php:45
    0.0131     885112   5. require('/Users/zacharyvolpi/dev/perso/rabbit-rs/benchmarks/vendor/react/promise/src/functions_include.php') /Users/zacharyvolpi/dev/perso/rabbit-rs/benchmarks/vendor/composer/autoload_real.php:41


=== batch-confirm / rabbit-rs ===
  Publish: avg 31813 msg/s (min 23189, max 36009)
  Consume: avg 41156 msg/s (min 28103, max 46982)
  Latency p50: 292.83 ms, p95: 315.86 ms, p99: 322.73 ms
Budget Check: ALL PASS

=== Summary ===
Scenario/Driver                | Publish msg/s   | Consume msg/s   | p99 (ms)   | Losses     | Duplicates
---------------------------------------------------------------------------------------------------------
batch-confirm/rabbit-rs        | 31813           | 41156           | 322.73     | 0          | 0         


Results written to /Users/zacharyvolpi/dev/perso/rabbit-rs/benchmarks/src/../results/benchmark-results.json
