PHP Deprecated:  Case statements followed by a semicolon (;) are deprecated, use a colon (:) instead in /Users/zacharyvolpi/dev/perso/rabbit-rs/benchmarks/vendor/react/promise/src/functions.php on line 369
PHP Stack trace:
PHP   1. {main}() /Users/zacharyvolpi/dev/perso/rabbit-rs/benchmarks/src/run-benchmarks.php:0
PHP   2. require_once() /Users/zacharyvolpi/dev/perso/rabbit-rs/benchmarks/src/run-benchmarks.php:8
PHP   3. ComposerAutoloaderInit2a84038d16076b8c7ec203cc876565ac::getLoader() /Users/zacharyvolpi/dev/perso/rabbit-rs/benchmarks/vendor/autoload.php:22
PHP   4. {closure:/Users/zacharyvolpi/dev/perso/rabbit-rs/benchmarks/vendor/composer/autoload_real.php:37-43}($fileIdentifier = 'ad155f8f1cf0d418fe49e248db8c661b', $file = '/Users/zacharyvolpi/dev/perso/rabbit-rs/benchmarks/vendor/composer/../react/promise/src/functions_include.php') /Users/zacharyvolpi/dev/perso/rabbit-rs/benchmarks/vendor/composer/autoload_real.php:45
PHP   5. require() /Users/zacharyvolpi/dev/perso/rabbit-rs/benchmarks/vendor/composer/autoload_real.php:41

Deprecated: Case statements followed by a semicolon (;) are deprecated, use a colon (:) instead in /Users/zacharyvolpi/dev/perso/rabbit-rs/benchmarks/vendor/react/promise/src/functions.php on line 369

Call Stack:
    0.0004     519832   1. {main}() /Users/zacharyvolpi/dev/perso/rabbit-rs/benchmarks/src/run-benchmarks.php:0
    0.0007     523248   2. require_once('/Users/zacharyvolpi/dev/perso/rabbit-rs/benchmarks/vendor/autoload.php') /Users/zacharyvolpi/dev/perso/rabbit-rs/benchmarks/src/run-benchmarks.php:8
    0.0010     530352   3. ComposerAutoloaderInit2a84038d16076b8c7ec203cc876565ac::getLoader() /Users/zacharyvolpi/dev/perso/rabbit-rs/benchmarks/vendor/autoload.php:22
    0.0099     884080   4. {closure:/Users/zacharyvolpi/dev/perso/rabbit-rs/benchmarks/vendor/composer/autoload_real.php:37-43}($fileIdentifier = 'ad155f8f1cf0d418fe49e248db8c661b', $file = '/Users/zacharyvolpi/dev/perso/rabbit-rs/benchmarks/vendor/composer/../react/promise/src/functions_include.php') /Users/zacharyvolpi/dev/perso/rabbit-rs/benchmarks/vendor/composer/autoload_real.php:45
    0.0101     885216   5. require('/Users/zacharyvolpi/dev/perso/rabbit-rs/benchmarks/vendor/react/promise/src/functions_include.php') /Users/zacharyvolpi/dev/perso/rabbit-rs/benchmarks/vendor/composer/autoload_real.php:41


=== laravel-dispatch / amqplib ===
  Publish: avg 19851 msg/s (min 16531, max 21302)
  Consume: avg 9694 msg/s (min 9532, max 9871)
  Latency p50: 767.09 ms, p95: 1004.78 ms, p99: 1026.94 ms
Budget Check: ALL PASS

=== Summary ===
Scenario/Driver                | Publish msg/s   | Consume msg/s   | p99 (ms)   | Losses     | Duplicates
---------------------------------------------------------------------------------------------------------
laravel-dispatch/amqplib       | 19851           | 9694            | 1026.94    | 0          | 0         


Results written to /Users/zacharyvolpi/dev/perso/rabbit-rs/benchmarks/src/../results/benchmark-results.json
